// Jest Snapshot v1, https://goo.gl/fbAQLP

exports[`should render ExpenseList with empty 1`] = `
<div>
  <h1>
    Expense List
  </h1>
  <p>
    No expenses
  </p>
</div>
`;

exports[`should render ExpenseList with expenses 1`] = `
<div>
  <h1>
    Expense List
  </h1>
  <ExpenseListItem
    amount={100}
    createdAt={0}
    description="A"
    id="1"
    key="1"
    note=""
  />
  <ExpenseListItem
    amount={500}
    createdAt={-345600000}
    description="B"
    id="2"
    key="2"
    note=""
  />
  <ExpenseListItem
    amount={300}
    createdAt={345600000}
    description="C"
    id="3"
    key="3"
    note=""
  />
</div>
`;
