// Jest Snapshot v1, https://goo.gl/fbAQLP

exports[`should render ExpenseListItem correctly 1`] = `
<div>
  <h3>
    <Link
      to="/edit/2"
    >
      B
    </Link>
  </h3>
  <p>
    500
     - 
    -345600000
  </p>
</div>
`;
