// Jest Snapshot v1, https://goo.gl/fbAQLP

exports[`should render Header correctly 1`] = `
<div>
  <h3>
    Error 404
  </h3>
  <Link
    to="/"
  >
    Go Home
  </Link>
</div>
`;
